// Jest Snapshot v1, https://goo.gl/fbAQLP

exports[`Character Detail component should render 1`] = `
<div>
  <div>
    <p>
      <i
        data-testid="description"
      >
        Your friendly neighborhood.
      </i>
    </p>
    <hr />
    <div>
      <div
        class="d-flex align-items-center justify-content-between"
      >
        <h5>
          Extras
        </h5>
        <div>
          <button
            class="btn btn-primary"
            data-testid="series-btn"
          >
            Series
          </button>
          <button
            class="btn btn-warning"
            data-testid="edit-btn"
            style="margin-left: 10px;"
          >
            <i
              class="fa fa-edit"
            />
             Edit
          </button>
        </div>
      </div>
    </div>
    <hr />
  </div>
</div>
`;
