// Jest Snapshot v1, https://goo.gl/fbAQLP

exports[`Loading component should exist 1`] = `[Function]`;
